Diff in \\?\E:\code\Matcha-claw\runtime-host\domains\fleet\src\delivery.rs:17:
     environment::{
         EnvironmentId, EnvironmentMutation, EnvironmentMutationError, EnvironmentRecord,
         EnvironmentState, ManagedResourceId, ManagedResourceLifecycleContext,
[31m-        ManagedResourceMetadata, ManagedResourceMutation, ManagedResourceRecord, ManagedResourceState,
[0m[32m+        ManagedResourceMetadata, ManagedResourceMutation, ManagedResourceRecord,
[0m[32m+        ManagedResourceState,
[0m     },
     outbox::{
         AcknowledgeDeliveryOutcome, BeginDeliveryOutcome, DispatchAttempt, DispatchId,
Diff in \\?\E:\code\Matcha-claw\runtime-host\domains\fleet\src\query\mod.rs:17:
     connection::{ConnectionKind, ConnectionRecord, ConnectionState},
     environment::{
         CleanupPolicy, EnvironmentKind, EnvironmentRecord, EnvironmentState, ManagedResourceKind,
[31m-        ManagedResourceMetadata, ManagedResourceProvider, ManagedResourceRecord, ManagedResourceState,
[0m[31m-        Ownership,
[0m[32m+        ManagedResourceMetadata, ManagedResourceProvider, ManagedResourceRecord,
[0m[32m+        ManagedResourceState, Ownership,
[0m     },
     lease::{LeaseBook, LeaseOwnerKind, LeaseState},
     store::FleetFacts,
Diff in \\?\E:\code\Matcha-claw\runtime-host\domains\fleet\src\store\codec\mod.rs:10:
     effect::{EffectIdentity, EffectRecord, EffectState, PhaseKey, ProviderKind, ReceiptOutcome},
     environment::{
         CleanupPolicy, EnvironmentId, EnvironmentKind, EnvironmentRecord, EnvironmentState,
[31m-        ManagedResourceAssociation, ManagedResourceId, ManagedResourceKind, ManagedResourceMetadata,
[0m[31m-        ManagedResourceProvider, ManagedResourceRecord, ManagedResourceRef, ManagedResourceState,
[0m[31m-        Ownership,
[0m[32m+        ManagedResourceAssociation, ManagedResourceId, ManagedResourceKind,
[0m[32m+        ManagedResourceMetadata, ManagedResourceProvider, ManagedResourceRecord,
[0m[32m+        ManagedResourceRef, ManagedResourceState, Ownership,
[0m     },
     lease::{Lease, LeaseOwner, LeaseOwnerKind, LeaseState},
     outbox::{DispatchAttempt, DispatchId, DispatchIntent, DispatchPhase, OutboxRecord},
Diff in \\?\E:\code\Matcha-claw\runtime-host\domains\fleet\src\store\facts.rs:862:
             .environments
             .managed_resource(&managed_resource_id)
             .ok_or(FleetFactsError::InvalidTopologyAssociation)?;
[31m-        if resource.connection_id() != connection_id || resource.environment_id() != environment_id {
[0m[32m+        if resource.connection_id() != connection_id || resource.environment_id() != environment_id
[0m[32m+        {
[0m             return Err(FleetFactsError::InvalidTopologyAssociation);
         }
         self.topology
Diff in \\?\E:\code\Matcha-claw\runtime-host\domains\fleet\src\topology\agent.rs:41:
         &self.node_id
     }
 
[31m-    pub(crate) fn with_topology_association(
[0m[31m-        &self,
[0m[31m-        association: TopologyAssociation,
[0m[31m-    ) -> Self {
[0m[32m+    pub(crate) fn with_topology_association(&self, association: TopologyAssociation) -> Self {
[0m         let mut observation = self.clone();
         observation.association = association;
         observation
Diff in \\?\E:\code\Matcha-claw\runtime-host\domains\fleet\src\topology\association.rs:56:
         self.connection_id() == Some(connection_id) && self.environment_id() == Some(environment_id)
     }
 
[31m-    pub(crate) fn with_managed_resource_id(
[0m[31m-        &self,
[0m[31m-        managed_resource_id: &ManagedResourceId,
[0m[31m-    ) -> Self {
[0m[32m+    pub(crate) fn with_managed_resource_id(&self, managed_resource_id: &ManagedResourceId) -> Self {
[0m         Self::new(
             self.connection_id.clone(),
             self.environment_id.clone(),
Diff in \\?\E:\code\Matcha-claw\runtime-host\domains\fleet\src\topology\endpoint.rs:143:
         self.metadata
     }
 
[31m-    pub(crate) fn with_topology_association(
[0m[31m-        &self,
[0m[31m-        association: TopologyAssociation,
[0m[31m-    ) -> Self {
[0m[32m+    pub(crate) fn with_topology_association(&self, association: TopologyAssociation) -> Self {
[0m         let mut observation = self.clone();
         observation.association = association;
         observation
Diff in \\?\E:\code\Matcha-claw\runtime-host\domains\fleet\src\topology\mutation.rs:63:
         let graph_nodes = self
             .nodes
             .iter()
[31m-            .filter(|node| node.association().is_for_environment(connection_id, environment_id))
[0m[32m+            .filter(|node| {
[0m[32m+                node.association()
[0m[32m+                    .is_for_environment(connection_id, environment_id)
[0m[32m+            })
[0m             .collect::<Vec<_>>();
         let [node] = graph_nodes.as_slice() else {
             return Err(if graph_nodes.is_empty() {
Diff in \\?\E:\code\Matcha-claw\runtime-host\domains\fleet\src\topology\mutation.rs:134:
             runtime.association(),
             endpoint.association(),
         ];
[31m-        if observations.iter().any(|association| {
[0m[31m-            !association.is_for_environment(connection_id, environment_id)
[0m[31m-        }) {
[0m[32m+        if observations
[0m[32m+            .iter()
[0m[32m+            .any(|association| !association.is_for_environment(connection_id, environment_id))
[0m[32m+        {
[0m             return Err(TopologyMutationError::ConflictingTopologyAssociation);
         }
 
Diff in \\?\E:\code\Matcha-claw\runtime-host\domains\fleet\src\topology\node.rs:54:
         self.metadata
     }
 
[31m-    pub(crate) fn with_topology_association(
[0m[31m-        &self,
[0m[31m-        association: TopologyAssociation,
[0m[31m-    ) -> Self {
[0m[32m+    pub(crate) fn with_topology_association(&self, association: TopologyAssociation) -> Self {
[0m         let mut observation = self.clone();
         observation.association = association;
         observation
Diff in \\?\E:\code\Matcha-claw\runtime-host\domains\fleet\src\topology\runtime.rs:99:
         self.metadata
     }
 
[31m-    pub(crate) fn with_topology_association(
[0m[31m-        &self,
[0m[31m-        association: TopologyAssociation,
[0m[31m-    ) -> Self {
[0m[32m+    pub(crate) fn with_topology_association(&self, association: TopologyAssociation) -> Self {
[0m         let mut observation = self.clone();
         observation.association = association;
         observation
Diff in \\?\E:\code\Matcha-claw\runtime-host\domains\fleet\src\topology\tests.rs:70:
     )
 }
 
[31m-fn associated_topology(
[0m[31m-    resource_id: Option<&str>,
[0m[31m-) -> FleetTopologyFacts {
[0m[32m+fn associated_topology(resource_id: Option<&str>) -> FleetTopologyFacts {
[0m     let connection_id = ConnectionId::try_new("connection-a").unwrap();
     let environment_id = EnvironmentId::try_new("environment-a").unwrap();
     let association = TopologyAssociation::new(
Diff in \\?\E:\code\Matcha-claw\runtime-host\domains\fleet\src\topology\tests.rs:136:
         facts.associate_managed_resource(&connection_id, &environment_id, resource_id.clone()),
         Ok(TopologyMutation::Updated)
     );
[31m-    assert!(facts.nodes().iter().all(|item| {
[0m[31m-        item.association().managed_resource_id() == Some(&resource_id)
[0m[31m-    }));
[0m[31m-    assert!(facts.agents().iter().all(|item| {
[0m[31m-        item.association().managed_resource_id() == Some(&resource_id)
[0m[31m-    }));
[0m[31m-    assert!(facts.runtimes().iter().all(|item| {
[0m[31m-        item.association().managed_resource_id() == Some(&resource_id)
[0m[31m-    }));
[0m[31m-    assert!(facts.endpoints().iter().all(|item| {
[0m[31m-        item.association().managed_resource_id() == Some(&resource_id)
[0m[31m-    }));
[0m[32m+    assert!(
[0m[32m+        facts
[0m[32m+            .nodes()
[0m[32m+            .iter()
[0m[32m+            .all(|item| { item.association().managed_resource_id() == Some(&resource_id) })
[0m[32m+    );
[0m[32m+    assert!(
[0m[32m+        facts
[0m[32m+            .agents()
[0m[32m+            .iter()
[0m[32m+            .all(|item| { item.association().managed_resource_id() == Some(&resource_id) })
[0m[32m+    );
[0m[32m+    assert!(
[0m[32m+        facts
[0m[32m+            .runtimes()
[0m[32m+            .iter()
[0m[32m+            .all(|item| { item.association().managed_resource_id() == Some(&resource_id) })
[0m[32m+    );
[0m[32m+    assert!(
[0m[32m+        facts
[0m[32m+            .endpoints()
[0m[32m+            .iter()
[0m[32m+            .all(|item| { item.association().managed_resource_id() == Some(&resource_id) })
[0m[32m+    );
[0m }
 
 #[test]
Diff in \\?\E:\code\Matcha-claw\runtime-host\domains\fleet\src\topology\tests.rs:203:
         Err(TopologyMutationError::ConflictingManagedResourceAssociation)
     );
     assert_eq!(
[31m-        facts.nodes()[0].association().managed_resource_id().unwrap().as_str(),
[0m[32m+        facts.nodes()[0]
[0m[32m+            .association()
[0m[32m+            .managed_resource_id()
[0m[32m+            .unwrap()
[0m[32m+            .as_str(),
[0m         "resource-existing"
     );
 }
Diff in \\?\E:\code\Matcha-claw\runtime-host\host\src\event_output.rs:3:
     control::{CronExecutionId, SafeCronExecutionStatus, SafeEvent},
     session_state::SessionDelta,
 };
[31m-use openclaw::{
[0m[31m-    port::CronExecutionStatus,
[0m[31m-    session::events::SessionEvent,
[0m[31m-};
[0m[32m+use openclaw::{port::CronExecutionStatus, session::events::SessionEvent};
[0m 
 pub(crate) fn project(event: HostEvent) -> Option<SafeEvent> {
     match event {
Diff in \\?\E:\code\Matcha-claw\runtime-host\host\src\event_output.rs:26:
 /// Projects the canonical host-owned session DTO. Native peer events must not be
 /// adapted into a legacy activity/update wire shape.
 pub(crate) fn project_session_delta(delta: SessionDelta) -> Option<SafeEvent> {
[31m-    crate::control::validate_session_delta(&delta)
[0m[31m-        .then_some(SafeEvent::SessionDelta { delta })
[0m[32m+    crate::control::validate_session_delta(&delta).then_some(SafeEvent::SessionDelta { delta })
[0m }
 
 fn project_openclaw(event: SessionEvent) -> Option<SafeEvent> {
Diff in \\?\E:\code\Matcha-claw\runtime-host\host\src\fleet\owner.rs:16:
     },
     effect::{EffectIdentity, EffectOperationOutcome, EffectReceipt, EffectRecord, PhaseKey},
     environment::{
[31m-        CleanupPolicy, EnvironmentId, EnvironmentMutation, EnvironmentRecord, ManagedResourceAssociation,
[0m[31m-        ManagedResourceId, ManagedResourceKind, ManagedResourceMetadata, ManagedResourceMutation,
[0m[31m-        ManagedResourceProvider, ManagedResourceRecord, ManagedResourceRef, Ownership,
[0m[32m+        CleanupPolicy, EnvironmentId, EnvironmentMutation, EnvironmentRecord,
[0m[32m+        ManagedResourceAssociation, ManagedResourceId, ManagedResourceKind,
[0m[32m+        ManagedResourceMetadata, ManagedResourceMutation, ManagedResourceProvider,
[0m[32m+        ManagedResourceRecord, ManagedResourceRef, Ownership,
[0m     },
     outbox::{DispatchAttempt, DispatchId},
     query::{FleetQuerySnapshot, SelectorConstraints, SelectorPreview},
Diff in \\?\E:\code\Matcha-claw\runtime-host\host\src\owner.rs:64:
     session_model_selection::{SessionModelSelectionCommand, SessionModelSelectionOutcome},
     session_rename::{SessionRenameCommand, SessionRenameOutcome},
     session_send::{SessionSendCommand, SessionSendOutcome},
[31m-    session_state::{SessionApplyResult, SessionChange, SessionDelta, SessionIdentity, SessionView},
[0m[32m+    session_state::{
[0m[32m+        SessionApplyResult, SessionChange, SessionDelta, SessionIdentity, SessionView,
[0m[32m+    },
[0m     session_timeline::{Command as SessionTimelineCommand, Outcome as SessionTimelineOutcome},
     skill_install::{Command as SkillInstallCommand, Outcome as SkillInstallOutcome},
 };
